// Jest Snapshot v1, https://goo.gl/fbAQLP

exports[`<SignIn /> should render with all props 1`] = `
<form
  className="sign-in"
  onChange={[Function]}
  onSubmit={[Function]}
>
  <WithStyles(Input)
    name="login"
    placeholder="login"
    style={
      Object {
        "width": "100%",
      }
    }
    value=""
  />
  <WithStyles(Input)
    name="password"
    placeholder="password"
    style={
      Object {
        "width": "100%",
      }
    }
    type="password"
    value=""
  />
  <WithStyles(Button)
    name="submit"
    style={
      Object {
        "width": "175px",
      }
    }
    type="submit"
  >
    ENTER
  </WithStyles(Button)>
</form>
`;

exports[`<SignIn /> should render without props 1`] = `
<form
  className="sign-in"
  onChange={[Function]}
  onSubmit={[Function]}
>
  <WithStyles(Input)
    name="login"
    placeholder="login"
    style={
      Object {
        "width": "100%",
      }
    }
    value=""
  />
  <WithStyles(Input)
    name="password"
    placeholder="password"
    style={
      Object {
        "width": "100%",
      }
    }
    type="password"
    value=""
  />
  <WithStyles(Button)
    name="submit"
    style={
      Object {
        "width": "175px",
      }
    }
    type="submit"
  >
    ENTER
  </WithStyles(Button)>
</form>
`;
